>>> add_integer = __import__('0-add_integer').add_integer

>>> add_integer(1, 2)
3

>>> add_integer(10, -5)
5

>>> add_integer(-3, -6)
-9

>>> add_integer(3, 2.5)
5

>>> add_integer(2.5, 3)
5

>>> add_integer(2.5, 3.5)
5

>>> add_integer(3, "4")
Traceback (most recent call last):
    ...
TypeError: b must be an integer

>>> add_integer("4", 3)
Traceback (most recent call last):
    ...
TypeError: a must be an integer


>>> add_integer(5)
103

>>> add_integer(3, "abc")
Traceback (most recent call last):
    ...
TypeError: b must be an integer

>>> add_integer("abc", 3)
Traceback (most recent call last):
    ...
TypeError: a must be an integer

>>> add_integer(None, 3)
Traceback (most recent call last):
    ...
TypeError: a must be an integer

>>> add_integer(3, None)
Traceback (most recent call last):
    ...
TypeError: b must be an integer

>>> add_integer(1.7976931348623157e+308 + 1.7976931348623157e+308, 1)
Traceback (most recent call last):
    ...
OverflowError: cannot convert float infinity to integer

>>> add_integer(float("nan"), 5)
Traceback (most recent call last):
    ...
ValueError: cannot convert float NaN to integer
